12:05:01 **** Incremental Build of configuration Debug for project test ****
make -r -j8 all 
Building target: test.axf
Invoking: MCU C++ Linker
arm-none-eabi-c++ -nostdlib -Xlinker -Map="test.map" -Xlinker --gc-sections -Xlinker -print-memory-usage -Xlinker --sort-section=alignment -Xlinker --cref -mcpu=cortex-m33 -mfpu=fpv5-sp-d16 -mfloat-abi=hard -mthumb -T test_Debug.ld -o "test.axf" ./utilities/fsl_assert.o ./utilities/fsl_debug_console.o ./utilities/fsl_str.o  ./startup/boot_multicore_slave.o ./startup/startup_mcxn947_cm33_core0.o  ./source/cpp_config.o ./source/main-test.o ./source/semihost_hardfault.o  ./mcxn-kit/mcxn-kit-delay.o ./mcxn-kit/mcxn-kit-digital-io.o ./mcxn-kit/mcxn-kit-ticker.o  ./drivers/fsl_clock.o ./drivers/fsl_common.o ./drivers/fsl_common_arm.o ./drivers/fsl_gpio.o ./drivers/fsl_lpflexcomm.o ./drivers/fsl_lpspi.o ./drivers/fsl_lpuart.o ./drivers/fsl_mrt.o ./drivers/fsl_reset.o ./drivers/fsl_spc.o  ./device/system_MCXN947_cm33_core0.o  ./component/uart/fsl_adapter_lpuart.o  ./component/serial_manager/fsl_component_serial_manager.o ./component/serial_manager/fsl_component_serial_port_uart.o  ./component/lists/fsl_component_generic_list.o  ./board/board.o ./board/clock_config.o ./board/peripherals.o ./board/pin_mux.o    "/home/jan/Documents/School/APPS/apps-workspace.mcu/test/source/font8x8.o" "/home/jan/Documents/School/APPS/apps-workspace.mcu/test/source/lcd_lib.o" "/home/jan/Documents/School/APPS/apps-workspace.mcu/test/source/test-lcd.o" "/home/jan/Documents/School/APPS/apps-workspace.mcu/test/source/test-leds.o"
Memory region         Used Size  Region Size  %age Used
  PROGRAM_FLASH0:       16756 B         1 MB      1.60%
  PROGRAM_FLASH1:          0 GB         1 MB      0.00%
            SRAM:       10120 B       384 KB      2.57%
           SRAMX:          0 GB        96 KB      0.00%
           SRAMH:          0 GB        32 KB      0.00%
         USB_RAM:          0 GB         4 KB      0.00%
Finished building target: test.axf
 
Performing post-build steps
arm-none-eabi-size "test.axf"; # arm-none-eabi-objcopy -v -O binary "test.axf" "test.bin" ; # checksum -p MCXN947 -d "test.bin";
   text	   data	    bss	    dec	    hex	filename
  16696	     60	  10060	  26816	   68c0	test.axf
 

12:05:01 Build Finished. 0 errors, 0 warnings. (took 622ms)

